// Jest Snapshot v1, https://goo.gl/fbAQLP

exports[`Shallow Snapshot Tests basic 1`] = `<LoginPage />`;

exports[`Shallow Snapshot Tests before login 1`] = `<LoginPage />`;
